[36mvite v5.4.21 [32mbuilding for production...[36m[39m
transforming...
[32mÔ£ô[39m 4 modules transformed.
npx : [31mx[39m Build failed in 78ms
En línea: 1 Carácter: 1
+ npx vite build > build_error.log 2>&1
+ ~~~~~~~~~~~~~~~~~~~~~~~~~~~~~~~~~~~~~
    + CategoryInfo          : NotSpecified: ([31mx[39m Build failed in 78ms: 
   String) [], RemoteException
    + FullyQualifiedErrorId : NativeCommandError
 
[31merror during build:
[31m[vite:esbuild] Transform failed with 1 error:
C:/Users/torra/OneDrive/Documentos/Arbitraje 
Polymarket/prophetlabs_23_B_W_ORANGE_BLUE_AURORA_REV22.jsx:3710:6: ERROR: 
Expected ")" but found "{"[31m
file: [36mC:/Users/torra/OneDrive/Documentos/Arbitraje 
Polymarket/prophetlabs_23_B_W_ORANGE_BLUE_AURORA_REV22.jsx:3710:6[31m
[33m
[33mExpected ")" but found "{"[33m
3708|        </div>
3709|      </div>
3710|        {/* ÔöÇÔöÇÔöÇ KEYBOARD SHORTCUTS MODAL ÔöÇÔöÇÔöÇ */ }
   |        ^
3711|    {
3712|      showShortcuts && <div onClick={() => setShowShortcuts(false)} 
style={{ position: "fixed", inset: 0, zIndex: 9997, display: "flex", 
alignItems: "center", justifyContent: "center", background: "rgba(0,0,0,0.5)", 
backdropFilter: "blur(100px) saturate(1.30)", animation: "fadeUp 0.2s 
ease-out" }}>
[31m
    at failureErrorWithLog (C:\Users\torra\OneDrive\Documentos\Arbitraje 
Polymarket\node_modules\esbuild\lib\main.js:1472:15)
    at C:\Users\torra\OneDrive\Documentos\Arbitraje 
Polymarket\node_modules\esbuild\lib\main.js:755:50
    at responseCallbacks.<computed> 
(C:\Users\torra\OneDrive\Documentos\Arbitraje 
Polymarket\node_modules\esbuild\lib\main.js:622:9)
    at handleIncomingPacket (C:\Users\torra\OneDrive\Documentos\Arbitraje 
Polymarket\node_modules\esbuild\lib\main.js:677:12)
    at Socket.readFromStdout (C:\Users\torra\OneDrive\Documentos\Arbitraje 
Polymarket\node_modules\esbuild\lib\main.js:600:7)
    at Socket.emit (node:events:518:28)
    at addChunk (node:internal/streams/readable:561:12)
    at readableAddChunkPushByteMode (node:internal/streams/readable:512:3)
    at Readable.push (node:internal/streams/readable:392:5)
    at Pipe.onStreamRead (node:internal/stream_base_commons:191:23)[39m
